CTGTCCTGCACACGCGAAAA	CAAAGTGTCAAAGTGATGGCCGCCAGGAGAGTGTCACGGCTGACTATGGGTTGTTGCCACTGTCAACACGGCAATGACAGGGCACAAACCA		1	3R:-:24329772:91
GGGGGCTACAGTGGACGGGG	TACATATGTATATGGCCACCTGCCAAAAATCCAGATCTCTTCTAGAGATGCCACCAGTGTATTGTCTTGGTTCAATGA		1	3R:-:7485179:78
NGGTCTGTCCAAACTCTAGG	GCTATAGCNTCTAGTCCGGGACNNTTGTCTGGCGTATCCAGACNCNTGCCTAGAGTTTGGACAGACCCAGATCGNAANAGCGTCGTGTAGG		0:0:0:0:0:0:0:0:0:0:0	-
TGATCTGGGCTCTTATCGGT	GGTACAATTATTTGAATTTTTGAGGTGTACATTACGTGGGGTGAGTTTGGGGATTGGACATAGATTTAGTATTAATATTAAGAGGTAAGTA		!	-
CAACGCACACAGTCGATTTA	TAGGGATCCTCTAGCTAGAGTCGACCTCGAGGGGGGGCCCGGTACCCAGCTTTTGTTCCCGTAACTATAACGGTCCTAAGGTAGCGAACTT		1	pT2:+:522:91
TCGCATTCAAGCGTCTCTGG	TCAAGTCTGTGAGAATCCAAAATGTCCGGATAGATTTGAAGAACCTGTTCTCAAACAAAAGGAGAAGGAATATATGAAAGATTTGTCCTGT		1	2L:-:16332345:91
CGAAAAGCATAAACTGGGTG	TAGGGATCCTCTAGCTAGAGTCGACCTCGAGGGGGGGCCCGGTACCCAGCTTTTGTTCCCGTAACTATAACGGTCCTAAGGTAGCAACTTT		0:0:0:1	pT2:+:522:85G1AC2
CTGGAAGCCGACAGTCTTAA	TATCCAAACCAAGTTTCAATTTTACAGATAACAAGTTCGATCTAAGTTTTATGAGAACTTTCGATACCTGAGACCAATGATCTGGATTTAG		!	-
AAGTCTGGATCAACTTTATT	TTTTAAATATGTAATACTCGGTACTCAGTGAACACCACGGGAAGGTCATTACAATTGTATTTAAAGGAGAAAAAAACAGTTGGCGCACTTT		!	-
TTGACTAGCGATACTAGTGG	TGAAGCGAAGTTCCTGCTTTCTGGTCTCCGTCAGCAGTTGATCGTAATCCCTGCG		1	3L:-:846835:55
TAGGGTAGTTTCCAATTAGA	TATCTACCGTAGTTTCATCCCCATCATCCTCATCGTCATCGTCATCATCCGCATCCTCGTCGGCATCCCCTTCGCCACTGCTCCGCCTTTG		0:0:0:0	-
ACATAAGGTACTGGACTCGT	CCCGAACCCGAAACCGACATTATCATTACTGCATATATAGTGTGTAATGGC		1	3R:+:17422872:51
NGCTGCGTGTACAACGTCTA	TAGGGATCNTCTAGCTAGAGTCGACCTCGAGGGGGGGCCCGGTNCNCAGCTTTTGTTCCCGTAACTATAACGGTNCTAAGGTAGCGAACTT		0:0:0:0:1:0:0:0	pT2:+:522:8C34A1C28C16
ATTAGGCCACCAGGACTCAA	TAGGGATCCTCTAGCTAGAGTCGACCTCGAGGGGGGGCCCGGTACCCAGCTTTTGTTCCCGTAACTATAACGGTCCTAAGGTAGCGAACTT		1	pT2:+:522:91
CTGTCCTGCACACGCGAAAA	CAAAGTGTCAAAGTGATGGCCGCCAGGAGAGTGTCACGGCTGACTATGGGTTGTTGCCACTGTCAACACGGCAATGACAGGGCACAAACCA		1	3R:-:24329772:91
GTCTTTTAGTCGATGCAGT	AGCAATGCTATATTTTGGGAGCTTTTATGTGATTATCACATCACATTTACCAAAGACTAAGACAGACAGCCATTTTCTATTGTATATATAT		0:0:0:1	2R:-:7317792:61CA5A22
GGGGGCTACAGTGGACGGGG	TACATATGTATATGGCCACCTGCCAAAAATCCAGATCTCTTCTAGAGATGCCACCAGTGTATTGTCTTGGTTCAATGA		1	3R:-:7485179:78
NGGTCTGTCCAAACTCTAGG	GCTATAGCNTCTAGTCCGGGACNNTTGTCTGGCGTATCCAGACNCNTGCCTAGAGTTTGGACAGACCCAGATCGNAANAGCGTCGTGTAGG		0:0:0:0:0:0:0:0:0:0:0	-
TGATCTGGGCTCTTATCGGT	GGTACAATTATTTGAATTTTTGAGGTGTACATTACGTGGGGTGAGTTTGGGGATTGGACATAGATTTAGTATTAATATTAAGAGGTAAGTA		!	-
CAACGCACACAGTCGATTTA	TAGGGATCCTCTAGCTAGAGTCGACCTCGAGGGGGGGCCCGGTACCCAGCTTTTGTTCCCGTAACTATAACGGTCCTAAGGTAGCGAACTT		1	pT2:+:522:91
TCGCATTCAAGCGTCTCTGG	TCAAGTCTGTGAGAATCCAAAATGTCCGGATAGATTTGAAGAACCTGTTCTCAAACAAAAGGAGAAGGAATATATGAAAGATTTGTCCTGT		1	2L:-:16332345:91
CGAAAAGCATAAACTGGGTG	TAGGGATCCTCTAGCTAGAGTCGACCTCGAGGGGGGGCCCGGTACCCAGCTTTTGTTCCCGTAACTATAACGGTCCTAAGGTAGCAACTTT		0:0:0:1	pT2:+:522:85G1AC2
CTGGAAGCCGACAGTCTTAA	TATCCAAACCAAGTTTCAATTTTACAGATAACAAGTTCGATCTAAGTTTTATGAGAACTTTCGATACCTGAGACCAATGATCTGGATTTAG		!	-
AAGTCTGGATCAACTTTATT	TTTTAAATATGTAATACTCGGTACTCAGTGAACACCACGGGAAGGTCATTACAATTGTATTTAAAGGAGAAAAAAACAGTTGGCGCACTTT		!	-
TTGACTAGCGATACTAGTGG	TGAAGCGAAGTTCCTGCTTTCTGGTCTCCGTCAGCAGTTGATCGTAATCCCTGCG		1	3L:-:846835:55
TAGGGTAGTTTCCAATTAGA	TATCTACCGTAGTTTCATCCCCATCATCCTCATCGTCATCGTCATCATCCGCATCCTCGTCGGCATCCCCTTCGCCACTGCTCCGCCTTTG		0:0:0:0	-
ACATAAGGTACTGGACTCGT	CCCGAACCCGAAACCGACATTATCATTACTGCATATATAGTGTGTAATGGC		1	3R:+:17422872:51
NGCTGCGTGTACAACGTCTA	TAGGGATCNTCTAGCTAGAGTCGACCTCGAGGGGGGGCCCGGTNCNCAGCTTTTGTTCCCGTAACTATAACGGTNCTAAGGTAGCGAACTT		0:0:0:0:1:0:0:0	pT2:+:522:8C34A1C28C16
ATTAGGCCACCAGGACTCAA	TAGGGATCCTCTAGCTAGAGTCGACCTCGAGGGGGGGCCCGGTACCCAGCTTTTGTTCCCGTAACTATAACGGTCCTAAGGTAGCGAACTT		1	pT2:+:522:91
replace_me	CAAAGTGTCAAAGTGATGGCCGCCAGGAGAGTGTCACGGCTGACTATGGGTTGTTGCCACTGTCAACACGGCAATGACAGGGCACAAACCA		1	3R:-:24329772:91
CTGTCCTGCACACGCGAAAA	CAAAGTGTCAAAGTGATGGCCGCCAGGAGAGTGTCACGGCTGACTATGGGTTGTTGCCACTGTCAACACGGCAATGACAGGGCACAAACCA		1	3R:-:24329771:91
CTGTCCTGCACACGCGAAAA	CAAAGTGTCAAAGTGATGGCCGCCAGGAGAGTGTCACGGCTGACTATGGGTTGTTGCCACTGTCAACACGGCAATGACAGGGCACAAACCA		1	3L:-:24329772:91
CTGTCCTGCACACGCGAAAA	CAAAGTGTCAAAGTGATGGCCGCCAGGAGAGTGTCACGGCTGACTATGGGTTGTTGCCACTGTCAACACGGCAATGACAGGGCACAAACCA		1	3L:-:24329772:91
replace_me	CAAAGTGTCAAAGTGATGGCCGCCAGGAGAGTGTCACGGCTGACTATGGGTTGTTGCCACTGTCAACACGGCAATGACAGGGCACAAACCA		1	3L:-:24329772:91
GGGGGCTACAGTGGACGGGG	TACATATGTATATGGCCACCTGCCAAAAATCCAGATCTCTTCTAGAGATGCCACCAGTGTATTGTCTTGGTTCAATGA		1	3R:-:7485180:78
GGGGGCTACAGTGGACGGGG	TACATATGTATATGGCCACCTGCCAAAAATCCAGATCTCTTCTAGAGATGCCACCAGTGTATTGTCTTGGTTCAATGA		1	3R:-:7485180:78
GGGGGCTACAGTGGACGGGG	TACATATGTATATGGCCACCTGCCAAAAATCCAGATCTCTTCTAGAGATGCCACCAGTGTATTGTCTTGGTTCAATGA		1	3R:-:7485180:78
GGGGGCTACAGTGGACGGGG	TACATATGTATATGGCCACCTGCCAAAAATCCAGATCTCTTCTAGAGATGCCACCAGTGTATTGTCTTGGTTCAATGA		0:0:0:0	-
no_canonical	TACATATGTATATGGCCACCTGCCAAAAATCCAGATCTCTTCTAGAGATGCCACCAGTGTATTGTCTTGGTTCAATGA		1	3R:-:7485180:78
GGGGGCTACAGTGGACGGGG	TACATATGTATATGGCCACCTGCCAAAAATCCAGATCTCTTCTAGAGATGCCACCAGTGTATTGTCTTGGTTCAATGA		1	nowhere:-:0:78
